the ''3-say_my_name'' module


using say_my_name

>>> say_my_name = __import__("3-say_my_name").say_my_name

basic use
>>> say_my_name("Alejandro","Rusca")
My name is Alejandro Rusca

one str received
>>> say_my_name("Pepe")
My name is Pepe 

two numbers received
>>> say_my_name(1, 1)
Traceback (most recent call last):
TypeError: first_name must be a string

empty string
>>> say_my_name()
Traceback (most recent call last):
TypeError: say_my_name() missing 1 required positional argument: 'first_name'

two empty strings
>>> say_my_name("", "")
My name is  

one str and one number
>>> say_my_name("Pepe", 1)
Traceback (most recent call last):
TypeError: last_name must be a string

one number and one str
>>> say_my_name(1, "Pepe")
Traceback (most recent call last):
TypeError: first_name must be a string
